
SN 68k version 2.53


Assembly completed.
0 error(s) from 497919 lines in 0.13 seconds
